<html>
<body>
<pre>
<h1>µVision Build Log</h1>
<h2>Tool Versions:</h2>
IDE-Version: ¦ÌVision V5.14.0.0
Copyright (C) 2015 ARM Ltd and ARM Germany GmbH. All rights reserved.
License Information: st st, st, LIC=----
 
Tool Versions:
Toolchain:       MDK-Lite  Version: 5.14.0.0
Toolchain Path:  C:\Keil_v5\ARM\ARMCC\Bin
C Compiler:      Armcc.exe V5.05 update 1 (build 106)
Assembler:       Armasm.exe V5.05 update 1 (build 106)
Linker/Locator:  ArmLink.exe V5.05 update 1 (build 106)
Library Manager: ArmAr.exe V5.05 update 1 (build 106)
Hex Converter:   FromElf.exe V5.05 update 1 (build 106)
CPU DLL:         SARMCM3.DLL V5.14.0.0
Dialog DLL:      DCM.DLL V1.13.1.0
Target DLL:      Segger\JL2CM3.dll V2.99.13.0
Dialog DLL:      TCM.DLL V1.14.4.0
 
<h2>Project:</h2>
E:\gitHub\BlankAnt_Robort_v2.0\Robort_Stm32\Project\RVMDK£¨uv4£©\Robort_Stm32.uvprojx
Project File Date:  09/23/2017

<h2>Output:</h2>
Build target 'Robort_Stm32'
compiling App_Steer.c...
compiling App_Beep.c...
compiling App_Message.c...
compiling App_Motor.c...
compiling App_Protocol.c...
compiling App_GPS.c...
..\..\APP\App_GPS.c(223): warning:  #223-D: function "UART3_Init" declared implicitly
        UART3_Init(9600);
..\..\APP\App_GPS.c: 1 warning, 0 errors
compiling BSP_Uart.c...
..\..\BSP\BSP_Uart.c(496): warning:  #1-D: last line of file ends without a newline
  /******************* (C) COPYRIGHT 2015 X-SPACE *****END OF FILE*********************/
..\..\BSP\BSP_Uart.c: 1 warning, 0 errors
compiling BSP_GPS.c...
..\..\BSP\BSP_GPS.c(338): warning:  #1-D: last line of file ends without a newline
  /******************* (C) COPYRIGHT 2015 X-SPACE *****END OF FILE*********************/
..\..\BSP\BSP_GPS.c: 1 warning, 0 errors
linking...
Program Size: Code=19692 RO-data=580 RW-data=144 ZI-data=6208  
FromELF: creating hex file...
"..\..\Output\Robort_Stm32.axf" - 0 Error(s), 3 Warning(s).

<h2>Collection of Component include folders:</h2>
  E:\gitHub\BlankAnt_Robort_v2.0\Robort_Stm32\Project\RVMDK£¨uv4£©\RTE
  C:\Keil_v5\ARM\PACK\Keil\STM32F1xx_DFP\2.2.0

<h2>Collection of Component Files used:</h2>
</pre>
</body>
</html>
